---
source: tests/snapshots.rs
expression: settings
---
{
  "onboard_completed": false,
  "onboarding_followups": [],
  "database_backend": null,
  "database_url": null,
  "database_pool_size": null,
  "libsql_path": null,
  "libsql_url": null,
  "secrets_master_key_source": "none",
  "secrets": {
    "backend": "local_encrypted",
    "master_key_source": "os_secure_store",
    "allow_env_master_key": false,
    "cache_ttl_secs": 0,
    "strict_sensitive_routes": true
  },
  "llm_backend": null,
  "ollama_base_url": null,
  "openai_compatible_base_url": null,
  "bedrock_region": null,
  "bedrock_proxy_url": null,
  "llama_cpp_server_url": null,
  "selected_model": null,
  "embeddings": {
    "enabled": false,
    "provider": "openai",
    "model": "text-embedding-3-small"
  },
  "tunnel": {
    "public_url": null,
    "provider": null,
    "cf_token": null,
    "ngrok_token": null,
    "ngrok_domain": null,
    "ts_funnel": false,
    "ts_hostname": null,
    "custom_command": null,
    "custom_health_url": null,
    "custom_url_pattern": null
  },
  "channels": {
    "http_enabled": false,
    "acp_enabled": false,
    "http_port": null,
    "http_host": null,
    "signal_enabled": false,
    "signal_http_url": null,
    "signal_account": null,
    "signal_allow_from": null,
    "signal_allow_from_groups": null,
    "signal_dm_policy": null,
    "signal_group_policy": null,
    "signal_group_allow_from": null,
    "matrix_enabled": false,
    "voice_call_enabled": false,
    "apns_enabled": false,
    "browser_push_enabled": false,
    "telegram_owner_id": null,
    "telegram_stream_mode": null,
    "telegram_transport_mode": "auto",
    "telegram_subagent_session_mode": "temp_topic",
    "discord_enabled": false,
    "discord_bot_token": null,
    "discord_guild_id": null,
    "discord_allow_from": null,
    "discord_stream_mode": null,
    "slack_enabled": false,
    "slack_bot_token": null,
    "slack_app_token": null,
    "slack_allow_from": null,
    "nostr_enabled": false,
    "nostr_relays": null,
    "nostr_owner_pubkey": null,
    "nostr_social_dm_enabled": false,
    "nostr_allow_from": null,
    "gmail_enabled": false,
    "gmail_project_id": null,
    "gmail_subscription_id": null,
    "gmail_topic_id": null,
    "gmail_allowed_senders": null,
    "bluebubbles_enabled": false,
    "bluebubbles_server_url": null,
    "bluebubbles_password": null,
    "bluebubbles_webhook_host": null,
    "bluebubbles_webhook_port": null,
    "bluebubbles_webhook_path": null,
    "bluebubbles_allow_from": null,
    "bluebubbles_send_read_receipts": null,
    "imessage_enabled": false,
    "imessage_allow_from": null,
    "imessage_poll_interval": null,
    "apple_mail_enabled": false,
    "apple_mail_allow_from": null,
    "apple_mail_poll_interval": null,
    "apple_mail_unread_only": true,
    "apple_mail_mark_as_read": true,
    "gateway_enabled": null,
    "gateway_host": null,
    "gateway_port": null,
    "gateway_auth_token": null,
    "cli_enabled": null,
    "wasm_channels": [],
    "wasm_channels_enabled": true,
    "wasm_channels_dir": null
  },
  "prompt": {
    "session_freeze_enabled": true,
    "project_context_max_tokens": 8000
  },
  "extensions": {
    "user_tools_dir": "[home]/.thinclaw/user-tools",
    "allow_native_plugins": false,
    "require_plugin_signatures": true,
    "trusted_manifest_keys": [],
    "trusted_manifest_public_keys": {},
    "native_plugin_allowlist_dirs": []
  },
  "notifications": {
    "preferred_channel": null,
    "recipient": null
  },
  "desktop_autonomy": {
    "enabled": false,
    "profile": "off",
    "deployment_mode": "whole_machine_admin",
    "target_username": null,
    "desktop_max_concurrent_jobs": 1,
    "desktop_action_timeout_secs": 60,
    "capture_evidence": true,
    "emergency_stop_path": "~/.thinclaw/AUTONOMY_DISABLED",
    "pause_on_bootstrap_failure": true,
    "kill_switch_hotkey": "ctrl+option+command+period"
  },
  "heartbeat": {
    "enabled": false,
    "interval_secs": 1800,
    "notify_channel": null,
    "notify_user": null,
    "light_context": true,
    "include_reasoning": false,
    "target": "chat",
    "active_start_hour": null,
    "active_end_hour": null,
    "prompt": null,
    "max_iterations": 10
  },
  "routines_enabled": false,
  "skills_enabled": false,
  "skill_taps": [],
  "well_known_skill_registries": [],
  "claude_code_enabled": false,
  "claude_code_model": null,
  "claude_code_max_turns": null,
  "codex_code_enabled": false,
  "codex_code_model": null,
  "webchat_theme": "",
  "webchat_skin": null,
  "webchat_accent_color": null,
  "webchat_show_branding": false,
  "observability_backend": "",
  "user_timezone": null,
  "agent": {
    "name": "thinclaw",
    "max_parallel_jobs": 5,
    "job_timeout_secs": 3600,
    "stuck_threshold_secs": 300,
    "use_planning": true,
    "repair_check_interval_secs": 60,
    "max_repair_attempts": 3,
    "session_idle_timeout_secs": 604800,
    "max_tool_iterations": 50,
    "max_context_messages": 200,
    "thinking_enabled": false,
    "thinking_budget_tokens": 10000,
    "auto_approve_tools": false,
    "allow_local_tools": false,
    "subagent_transparency_level": "balanced",
    "main_tool_profile": "standard",
    "worker_tool_profile": "restricted",
    "subagent_tool_profile": "explicit_only",
    "workspace_mode": null,
    "model_guidance_enabled": true,
    "cli_skin": "cockpit",
    "personality_pack": "balanced",
    "persona_seed": "default",
    "checkpoints_enabled": true,
    "max_checkpoints": 50,
    "browser_backend": "chromium",
    "cloud_browser_provider": null
  },
  "wasm": {
    "enabled": true,
    "tools_dir": null,
    "default_memory_limit": 10485760,
    "default_timeout_secs": 60,
    "default_fuel_limit": 10000000,
    "cache_compiled": true,
    "cache_dir": null
  },
  "sandbox": {
    "enabled": true,
    "policy": "readonly",
    "timeout_secs": 120,
    "memory_limit_mb": 2048,
    "cpu_shares": 1024,
    "image": "thinclaw-worker:latest",
    "interactive_idle_timeout_secs": 1800,
    "auto_pull_image": true,
    "extra_allowed_domains": []
  },
  "safety": {
    "max_output_length": 100000,
    "injection_check_enabled": true,
    "redact_pii_in_prompts": true,
    "smart_approval_mode": "off",
    "external_scanner_mode": "fail_open",
    "external_scanner_path": null,
    "external_scanner_require_verified": false
  },
  "builder": {
    "enabled": true,
    "build_dir": null,
    "max_iterations": 20,
    "timeout_secs": 600,
    "auto_register": true
  },
  "providers": {
    "enabled": [],
    "primary": null,
    "primary_model": null,
    "cheap_model": null,
    "preferred_cheap_provider": null,
    "primary_pool_order": [],
    "cheap_pool_order": [],
    "provider_models": {},
    "credential_max_concurrent": 3,
    "credential_selection_strategy": "fill_first",
    "oauth_sync_enabled": false,
    "oauth_sync_poll_interval_secs": 30,
    "oauth_sync_sources": [],
    "provider_credential_modes": {},
    "smart_routing_enabled": true,
    "routing_mode": "primary_only",
    "smart_routing_cascade": true,
    "tool_phase_synthesis_enabled": false,
    "tool_phase_primary_thinking_enabled": true,
    "allowed_models": {},
    "fallback_chain": [],
    "policy_rules": [],
    "moa_reference_models": [],
    "moa_aggregator_model": null,
    "moa_min_successful": 1,
    "advisor_max_calls": 4,
    "advisor_auto_escalation_mode": "risk_and_complex_final",
    "advisor_escalation_prompt": null
  },
  "learning": {
    "enabled": true,
    "auto_apply_classes": [
      "memory",
      "skill",
      "prompt"
    ],
    "safe_mode": {
      "enabled": true,
      "thresholds": {
        "rollback_ratio": 0.25,
        "negative_feedback_ratio": 0.2,
        "min_samples": 8
      }
    },
    "reflection": {
      "min_tool_calls": 2,
      "user_correction_threshold": 1
    },
    "skill_synthesis": {
      "enabled": true,
      "min_tool_calls": 3,
      "auto_apply": false
    },
    "prompt_mutation": {
      "enabled": true
    },
    "providers": {
      "active": "none",
      "active_provider": null,
      "registry": {},
      "honcho": {
        "enabled": false,
        "config": {},
        "cadence": null,
        "depth": null,
        "user_modeling_enabled": false
      },
      "zep": {
        "enabled": false,
        "config": {},
        "cadence": null,
        "depth": null,
        "user_modeling_enabled": false
      }
    },
    "code_proposals": {
      "enabled": true,
      "publish_mode": "branch_pr_draft",
      "auto_apply_without_review": false
    },
    "exports": {
      "enabled": false
    },
    "outcomes": {
      "enabled": true,
      "evaluation_interval_secs": 600,
      "max_due_per_tick": 50,
      "default_ttl_hours": 72,
      "llm_assist_enabled": true,
      "heartbeat_summary_enabled": true
    }
  },
  "experiments": {
    "enabled": false,
    "max_concurrent_campaigns": 1,
    "default_artifact_retention_days": 30,
    "allow_remote_runners": true,
    "ui_visibility": "hidden_until_enabled",
    "default_promotion_mode": "branch_pr_draft"
  },
  "tool_policies": {
    "default_policy": {
      "mode": "allow_all"
    },
    "channel_policies": {},
    "group_policies": {}
  }
}
